2019-06-06 13:43:57,162 root         INFO     Started
2019-06-06 13:44:04,079 EOS          INFO     

Written 1M in 10 files
 Stats: [measurements: 10, sum: 0.3228797912597656, min: 0.023873090744018555s, max: 0.05500364303588867s, average: 0.032287979125976564s, median: 0.026524662971496582s]
Overall time: 0.3260383605957031s 


Read 10 files having 1M data each
 Stats: [measurements: 10, sum: 0.004322052001953125, min: 0.00025773048400878906s, max: 0.0008857250213623047s, average: 0.0004322052001953125s, median: 0.00032508373260498047s]
Overall time: 0.11173629760742188s 


Corruption stats:
0 files are corrupted
2019-06-06 13:44:04,085 root         INFO     Finished
